[0.000000] (-) TimerEvent: {}
[0.000112] (july_9) JobQueued: {'identifier': 'july_9', 'dependencies': OrderedDict()}
[0.000138] (july_9) JobStarted: {'identifier': 'july_9'}
[0.007960] (july_9) JobProgress: {'identifier': 'july_9', 'progress': 'cmake'}
[0.008686] (july_9) JobProgress: {'identifier': 'july_9', 'progress': 'build'}
[0.009219] (july_9) Command: {'cmd': ['/usr/bin/cmake', '--build', '/home/pohrselvan/ros2_ws/src/july_9/build/july_9', '--', '-j4', '-l4'], 'cwd': '/home/pohrselvan/ros2_ws/src/july_9/build/july_9', 'env': OrderedDict([('LESSOPEN', '| /usr/bin/lesspipe %s'), ('LANGUAGE', 'en_IN:en'), ('USER', 'pohrselvan'), ('XDG_SESSION_TYPE', 'x11'), ('SHLVL', '1'), ('LD_LIBRARY_PATH', '/usr/lib/x86_64-linux-gnu/gazebo-11/plugins:/opt/ros/humble/opt/rviz_ogre_vendor/lib:/opt/ros/humble/lib/x86_64-linux-gnu:/opt/ros/humble/lib'), ('HOME', '/home/pohrselvan'), ('DESKTOP_SESSION', 'ubuntu-xorg'), ('ROS_PYTHON_VERSION', '3'), ('GNOME_SHELL_SESSION_MODE', 'ubuntu'), ('GTK_MODULES', 'gail:atk-bridge'), ('DBUS_STARTER_BUS_TYPE', 'session'), ('SYSTEMD_EXEC_PID', '1442'), ('DBUS_SESSION_BUS_ADDRESS', 'unix:path=/run/user/1000/bus,guid=eac6e4cd9f1dcf5a46116a8a66934c6d'), ('COLORTERM', 'truecolor'), ('ROS_DISTRO', 'humble'), ('GTK_IM_MODULE', 'ibus'), ('LOGNAME', 'pohrselvan'), ('_', '/usr/bin/colcon'), ('ROS_VERSION', '2'), ('XDG_SESSION_CLASS', 'user'), ('USERNAME', 'pohrselvan'), ('TERM', 'xterm-256color'), ('GNOME_DESKTOP_SESSION_ID', 'this-is-deprecated'), ('ROS_LOCALHOST_ONLY', '0'), ('WINDOWPATH', '2'), ('PATH', '/opt/ros/humble/bin:/usr/local/sbin:/usr/local/bin:/usr/sbin:/usr/bin:/sbin:/bin:/usr/games:/usr/local/games:/snap/bin:/snap/bin'), ('SESSION_MANAGER', 'local/pohrselvan-idealPad:@/tmp/.ICE-unix/1442,unix/pohrselvan-idealPad:/tmp/.ICE-unix/1442'), ('XDG_MENU_PREFIX', 'gnome-'), ('GNOME_TERMINAL_SCREEN', '/org/gnome/Terminal/screen/bef6aec3_70b8_4afc_95bc_faf450c04a73'), ('XDG_RUNTIME_DIR', '/run/user/1000'), ('DISPLAY', ':0'), ('LANG', 'en_US.UTF-8'), ('XDG_CURRENT_DESKTOP', 'ubuntu:GNOME'), ('XMODIFIERS', '@im=ibus'), ('XDG_SESSION_DESKTOP', 'ubuntu-xorg'), ('XAUTHORITY', '/run/user/1000/gdm/Xauthority'), ('LS_COLORS', 'rs=0:di=01;34:ln=01;36:mh=00:pi=40;33:so=01;35:do=01;35:bd=40;33;01:cd=40;33;01:or=40;31;01:mi=00:su=37;41:sg=30;43:ca=30;41:tw=30;42:ow=34;42:st=37;44:ex=01;32:*.tar=01;31:*.tgz=01;31:*.arc=01;31:*.arj=01;31:*.taz=01;31:*.lha=01;31:*.lz4=01;31:*.lzh=01;31:*.lzma=01;31:*.tlz=01;31:*.txz=01;31:*.tzo=01;31:*.t7z=01;31:*.zip=01;31:*.z=01;31:*.dz=01;31:*.gz=01;31:*.lrz=01;31:*.lz=01;31:*.lzo=01;31:*.xz=01;31:*.zst=01;31:*.tzst=01;31:*.bz2=01;31:*.bz=01;31:*.tbz=01;31:*.tbz2=01;31:*.tz=01;31:*.deb=01;31:*.rpm=01;31:*.jar=01;31:*.war=01;31:*.ear=01;31:*.sar=01;31:*.rar=01;31:*.alz=01;31:*.ace=01;31:*.zoo=01;31:*.cpio=01;31:*.7z=01;31:*.rz=01;31:*.cab=01;31:*.wim=01;31:*.swm=01;31:*.dwm=01;31:*.esd=01;31:*.jpg=01;35:*.jpeg=01;35:*.mjpg=01;35:*.mjpeg=01;35:*.gif=01;35:*.bmp=01;35:*.pbm=01;35:*.pgm=01;35:*.ppm=01;35:*.tga=01;35:*.xbm=01;35:*.xpm=01;35:*.tif=01;35:*.tiff=01;35:*.png=01;35:*.svg=01;35:*.svgz=01;35:*.mng=01;35:*.pcx=01;35:*.mov=01;35:*.mpg=01;35:*.mpeg=01;35:*.m2v=01;35:*.mkv=01;35:*.webm=01;35:*.webp=01;35:*.ogm=01;35:*.mp4=01;35:*.m4v=01;35:*.mp4v=01;35:*.vob=01;35:*.qt=01;35:*.nuv=01;35:*.wmv=01;35:*.asf=01;35:*.rm=01;35:*.rmvb=01;35:*.flc=01;35:*.avi=01;35:*.fli=01;35:*.flv=01;35:*.gl=01;35:*.dl=01;35:*.xcf=01;35:*.xwd=01;35:*.yuv=01;35:*.cgm=01;35:*.emf=01;35:*.ogv=01;35:*.ogx=01;35:*.aac=00;36:*.au=00;36:*.flac=00;36:*.m4a=00;36:*.mid=00;36:*.midi=00;36:*.mka=00;36:*.mp3=00;36:*.mpc=00;36:*.ogg=00;36:*.ra=00;36:*.wav=00;36:*.oga=00;36:*.opus=00;36:*.spx=00;36:*.xspf=00;36:'), ('GNOME_TERMINAL_SERVICE', ':1.107'), ('SSH_AGENT_LAUNCHER', 'gnome-keyring'), ('SSH_AUTH_SOCK', '/run/user/1000/keyring/ssh'), ('AMENT_PREFIX_PATH', '/opt/ros/humble'), ('SHELL', '/bin/bash'), ('QT_ACCESSIBILITY', '1'), ('GDMSESSION', 'ubuntu-xorg'), ('LESSCLOSE', '/usr/bin/lesspipe %s %s'), ('GPG_AGENT_INFO', '/run/user/1000/gnupg/S.gpg-agent:0:1'), ('QT_IM_MODULE', 'ibus'), ('PWD', '/home/pohrselvan/ros2_ws/src/july_9/build/july_9'), ('TURTLEBOT3_MODEL', 'burger'), ('LC_ALL', 'en_US.UTF-8'), ('XDG_CONFIG_DIRS', '/etc/xdg/xdg-ubuntu-xorg:/etc/xdg'), ('DBUS_STARTER_ADDRESS', 'unix:path=/run/user/1000/bus,guid=eac6e4cd9f1dcf5a46116a8a66934c6d'), ('XDG_DATA_DIRS', '/usr/share/ubuntu-xorg:/usr/share/gnome:/usr/local/share/:/usr/share/:/var/lib/snapd/desktop'), ('PYTHONPATH', '/opt/ros/humble/lib/python3.10/site-packages:/opt/ros/humble/local/lib/python3.10/dist-packages'), ('COLCON', '1'), ('VTE_VERSION', '6800')]), 'shell': False}
[0.058780] (july_9) StdoutLine: {'line': b'-- Found ament_cmake: 1.3.9 (/opt/ros/humble/share/ament_cmake/cmake)\n'}
[0.099363] (-) TimerEvent: {}
[0.180966] (july_9) StdoutLine: {'line': b'-- Found ament_lint_auto: 0.12.11 (/opt/ros/humble/share/ament_lint_auto/cmake)\n'}
[0.199489] (-) TimerEvent: {}
[0.224666] (july_9) StderrLine: {'line': b"Error parsing '/home/pohrselvan/ros2_ws/src/july_9/package.xml':\n"}
[0.262852] (july_9) StderrLine: {'line': b'Traceback (most recent call last):\n'}
[0.263024] (july_9) StderrLine: {'line': b'  File "/usr/lib/python3/dist-packages/catkin_pkg/package.py", line 610, in parse_package_string\n'}
[0.263128] (july_9) StderrLine: {'line': b'    root = dom.parseString(data)\n'}
[0.263177] (july_9) StderrLine: {'line': b'  File "/usr/lib/python3.10/xml/dom/minidom.py", line 2000, in parseString\n'}
[0.263627] (july_9) StderrLine: {'line': b'    return expatbuilder.parseString(string)\n'}
[0.263714] (july_9) StderrLine: {'line': b'  File "/usr/lib/python3.10/xml/dom/expatbuilder.py", line 925, in parseString\n'}
[0.263954] (july_9) StderrLine: {'line': b'    return builder.parseString(string)\n'}
[0.264144] (july_9) StderrLine: {'line': b'  File "/usr/lib/python3.10/xml/dom/expatbuilder.py", line 223, in parseString\n'}
[0.264212] (july_9) StderrLine: {'line': b'    parser.Parse(string, True)\n'}
[0.264262] (july_9) StderrLine: {'line': b'xml.parsers.expat.ExpatError: not well-formed (invalid token): line 7, column 20\n'}
[0.264313] (july_9) StderrLine: {'line': b'\n'}
[0.264360] (july_9) StderrLine: {'line': b'During handling of the above exception, another exception occurred:\n'}
[0.264410] (july_9) StderrLine: {'line': b'\n'}
[0.264458] (july_9) StderrLine: {'line': b'Traceback (most recent call last):\n'}
[0.264506] (july_9) StderrLine: {'line': b'  File "/opt/ros/humble/share/ament_cmake_core/cmake/core/package_xml_2_cmake.py", line 150, in <module>\n'}
[0.264553] (july_9) StderrLine: {'line': b'    main()\n'}
[0.264601] (july_9) StderrLine: {'line': b'  File "/opt/ros/humble/share/ament_cmake_core/cmake/core/package_xml_2_cmake.py", line 53, in main\n'}
[0.264650] (july_9) StderrLine: {'line': b'    raise e\n'}
[0.264697] (july_9) StderrLine: {'line': b'  File "/opt/ros/humble/share/ament_cmake_core/cmake/core/package_xml_2_cmake.py", line 49, in main\n'}
[0.264745] (july_9) StderrLine: {'line': b'    package = parse_package_string(\n'}
[0.264793] (july_9) StderrLine: {'line': b'  File "/usr/lib/python3/dist-packages/catkin_pkg/package.py", line 612, in parse_package_string\n'}
[0.264912] (july_9) StderrLine: {'line': b"    raise InvalidPackage('The manifest contains invalid XML:\\n%s' % ex, filename)\n"}
[0.265010] (july_9) StderrLine: {'line': b"catkin_pkg.package.InvalidPackage: Error(s) in package '/home/pohrselvan/ros2_ws/src/july_9/package.xml':\n"}
[0.265066] (july_9) StderrLine: {'line': b'The manifest contains invalid XML:\n'}
[0.265118] (july_9) StderrLine: {'line': b'not well-formed (invalid token): line 7, column 20\n'}
[0.278063] (july_9) StderrLine: {'line': b'\x1b[31mCMake Error at /opt/ros/humble/share/ament_cmake_core/cmake/core/ament_package_xml.cmake:95 (message):\n'}
[0.278276] (july_9) StderrLine: {'line': b'  execute_process(/usr/bin/python3\n'}
[0.278337] (july_9) StderrLine: {'line': b'  /opt/ros/humble/share/ament_cmake_core/cmake/core/package_xml_2_cmake.py\n'}
[0.278398] (july_9) StderrLine: {'line': b'  /home/pohrselvan/ros2_ws/src/july_9/package.xml\n'}
[0.278444] (july_9) StderrLine: {'line': b'  /home/pohrselvan/ros2_ws/src/july_9/build/july_9/ament_cmake_core/package.cmake)\n'}
[0.278500] (july_9) StderrLine: {'line': b'  returned error code 1\n'}
[0.278545] (july_9) StderrLine: {'line': b'Call Stack (most recent call first):\n'}
[0.278590] (july_9) StderrLine: {'line': b'  /opt/ros/humble/share/ament_cmake_core/cmake/core/ament_package_xml.cmake:49 (_ament_package_xml)\n'}
[0.278635] (july_9) StderrLine: {'line': b'  /opt/ros/humble/share/ament_lint_auto/cmake/ament_lint_auto_find_test_dependencies.cmake:31 (ament_package_xml)\n'}
[0.278680] (july_9) StderrLine: {'line': b'  CMakeLists.txt:23 (ament_lint_auto_find_test_dependencies)\n'}
[0.278726] (july_9) StderrLine: {'line': b'\n'}
[0.278772] (july_9) StderrLine: {'line': b'\x1b[0m\n'}
[0.278818] (july_9) StdoutLine: {'line': b'-- Configuring incomplete, errors occurred!\n'}
[0.278869] (july_9) StdoutLine: {'line': b'See also "/home/pohrselvan/ros2_ws/src/july_9/build/july_9/CMakeFiles/CMakeOutput.log".\n'}
[0.280454] (july_9) StderrLine: {'line': b'gmake: *** [Makefile:226: cmake_check_build_system] Error 1\n'}
[0.281854] (july_9) CommandEnded: {'returncode': 2}
[0.282138] (july_9) JobEnded: {'identifier': 'july_9', 'rc': 2}
[0.292820] (-) EventReactorShutdown: {}
